2026-09-04 22:44:37,456 - INFO - Loading file: /home/nsp/Documents/airis4D/Talks/MTC2026_Sept3/Talk.txt
2026-09-04 22:44:39,262 - INFO - Extracted title: AI as your Research Partner in the LAB
2026-09-04 22:44:39,262 - INFO - Extracted subtitle: 
2026-09-04 22:44:39,262 - INFO - Extracted author: Ninan Sajeeth Philip
2026-09-04 22:44:39,262 - INFO - Extracted institution: Artificial Intelligence Research and Intelligent Systems (airis4D)
2026-09-04 22:44:39,263 - INFO - Extracted date: \today
2026-09-04 22:44:39,286 - INFO - Using old format parser (title/content)
2026-09-04 22:44:48,965 - INFO - Loading file: /home/nsp/Documents/airis4D/Talks/MTC2026_Sept3/Talk.txt
2026-09-04 22:44:51,586 - INFO - Extracted title: AI as your Research Partner in the LAB
2026-09-04 22:44:51,586 - INFO - Extracted subtitle: 
2026-09-04 22:44:51,587 - INFO - Extracted author: Ninan Sajeeth Philip
2026-09-04 22:44:51,587 - INFO - Extracted institution: Artificial Intelligence Research and Intelligent Systems (airis4D)
2026-09-04 22:44:51,587 - INFO - Extracted date: \today
2026-09-04 22:44:51,611 - INFO - Using old format parser (title/content)
2026-09-04 22:45:11,831 - INFO - Saved slide 1: title='Title Page', media='None', media_masked=False, content_lines=3, notes_lines=1
2026-09-04 22:45:13,241 - INFO - Saved slide 1: title='Title Page', media='None', media_masked=False, content_lines=3, notes_lines=1
2026-09-04 22:45:14,546 - INFO - Saved slide 1: title='Title Page', media='None', media_masked=False, content_lines=3, notes_lines=1
2026-09-04 22:45:44,457 - INFO - Loading file: /home/nsp/Documents/airis4D/Talks/MTC2026_Sept3/Talk_converted.txt
2026-09-04 22:45:47,615 - INFO - Using new format parser (direct frames)
2026-09-04 22:46:29,670 - INFO - Saved slide 1: title='Title Page', media='None', media_masked=False, content_lines=3, notes_lines=1
2026-09-04 22:46:32,182 - INFO - Saved slide 1: title='Title Page', media='None', media_masked=False, content_lines=3, notes_lines=1
2026-09-04 22:46:33,472 - INFO - Saved slide 1: title='Title Page', media='None', media_masked=False, content_lines=3, notes_lines=1
2026-09-04 22:55:42,632 - INFO - Saved slide 1: title='Title Page', media='None', media_masked=False, content_lines=3, notes_lines=1
2026-09-04 22:55:44,081 - INFO - Saved slide 1: title='Title Page', media='None', media_masked=False, content_lines=3, notes_lines=1
2026-09-04 22:55:45,287 - INFO - Saved slide 1: title='Title Page', media='None', media_masked=False, content_lines=3, notes_lines=1
2026-09-04 22:59:47,691 - INFO - Loading file: /home/nsp/Documents/airis4D/Talks/MTC2026_Sept3/Talk_converted.txt
2026-09-04 22:59:52,245 - INFO - Extracted title: AI as your Research Partner in the LAB
2026-09-04 22:59:52,246 - INFO - Extracted subtitle: 
2026-09-04 22:59:52,246 - INFO - Extracted author: Ninan Sajeeth Philip
2026-09-04 22:59:52,246 - INFO - Extracted institution: Artificial Intelligence Research and Intelligent Systems (airis4D)
2026-09-04 22:59:52,246 - INFO - Extracted date: \today
2026-09-04 22:59:52,268 - INFO - Using old format parser (title/content)
2026-09-04 23:00:00,274 - INFO - Loading file: /home/nsp/Documents/airis4D/Talks/MTC2026_Sept3/Talk.txt
2026-09-04 23:00:03,636 - INFO - Extracted title: AI as your Research Partner in the LAB
2026-09-04 23:00:03,636 - INFO - Extracted subtitle: 
2026-09-04 23:00:03,636 - INFO - Extracted author: Ninan Sajeeth Philip
2026-09-04 23:00:03,636 - INFO - Extracted institution: Artificial Intelligence Research and Intelligent Systems (airis4D)
2026-09-04 23:00:03,637 - INFO - Extracted date: \today
2026-09-04 23:00:03,674 - INFO - Using old format parser (title/content)
2026-09-04 23:00:27,156 - INFO - Saved slide 1: title='Title Page', media='None', media_masked=False, content_lines=3, notes_lines=1
2026-09-04 23:00:28,560 - INFO - Saved slide 1: title='Title Page', media='None', media_masked=False, content_lines=3, notes_lines=1
2026-09-04 23:00:29,820 - INFO - Saved slide 1: title='Title Page', media='None', media_masked=False, content_lines=3, notes_lines=1
2026-09-04 23:03:07,025 - INFO - Loading file: /home/nsp/Documents/airis4D/Talks/MTC2026_Sept3/Talk.txt
2026-09-04 23:03:09,464 - INFO - Extracted title: AI as your Research Partner in the LAB
2026-09-04 23:03:09,465 - INFO - Extracted subtitle: 
2026-09-04 23:03:09,465 - INFO - Extracted author: Ninan Sajeeth Philip
2026-09-04 23:03:09,465 - INFO - Extracted institution: Artificial Intelligence Research and Intelligent Systems (airis4D)
2026-09-04 23:03:09,466 - INFO - Extracted date: \today
2026-09-04 23:03:09,503 - INFO - Using old format parser (title/content)
2026-09-04 23:03:15,359 - INFO - Loading file: /home/nsp/Documents/airis4D/Talks/MTC2026_Sept3/Talk.txt
2026-09-04 23:03:19,246 - INFO - Extracted title: AI as your Research Partner in the LAB
2026-09-04 23:03:19,246 - INFO - Extracted subtitle: 
2026-09-04 23:03:19,247 - INFO - Extracted author: Ninan Sajeeth Philip
2026-09-04 23:03:19,247 - INFO - Extracted institution: Artificial Intelligence Research and Intelligent Systems (airis4D)
2026-09-04 23:03:19,247 - INFO - Extracted date: \today
2026-09-04 23:03:19,279 - INFO - Using old format parser (title/content)
2026-09-04 23:03:26,575 - INFO - Saved slide 1: title='Title Page', media='None', media_masked=False, content_lines=3, notes_lines=1
2026-09-04 23:03:27,881 - INFO - Saved slide 1: title='Title Page', media='None', media_masked=False, content_lines=3, notes_lines=1
2026-09-04 23:03:30,270 - INFO - Saved slide 1: title='Title Page', media='None', media_masked=False, content_lines=3, notes_lines=1
2026-09-04 23:05:59,748 - INFO - Loading file: /home/nsp/Documents/airis4D/Talks/MTC2026_Sept3/Talk.txt
2026-09-04 23:06:01,959 - INFO - Extracted title: AI as your Research Partner in the LAB
2026-09-04 23:06:01,960 - INFO - Extracted subtitle: 
2026-09-04 23:06:01,961 - INFO - Extracted author: Ninan Sajeeth Philip
2026-09-04 23:06:01,961 - INFO - Extracted institution: Artificial Intelligence Research and Intelligent Systems (airis4D)
2026-09-04 23:06:01,962 - INFO - Extracted date: \today
2026-09-04 23:06:01,998 - INFO - Using old format parser (title/content)
2026-09-04 23:06:08,897 - INFO - Loading file: /home/nsp/Documents/airis4D/Talks/MTC2026_Sept3/Talk.txt
2026-09-04 23:06:13,307 - INFO - Extracted title: AI as your Research Partner in the LAB
2026-09-04 23:06:13,308 - INFO - Extracted subtitle: 
2026-09-04 23:06:13,308 - INFO - Extracted author: Ninan Sajeeth Philip
2026-09-04 23:06:13,308 - INFO - Extracted institution: Artificial Intelligence Research and Intelligent Systems (airis4D)
2026-09-04 23:06:13,308 - INFO - Extracted date: \today
2026-09-04 23:06:13,322 - INFO - Using old format parser (title/content)
2026-09-04 23:06:18,237 - INFO - Saved slide 1: title='Title Page', media='None', media_masked=False, content_lines=3, notes_lines=1
2026-09-04 23:06:19,598 - INFO - Saved slide 1: title='Title Page', media='None', media_masked=False, content_lines=3, notes_lines=1
2026-09-04 23:06:20,962 - INFO - Saved slide 1: title='Title Page', media='None', media_masked=False, content_lines=3, notes_lines=1
2026-09-04 23:07:21,928 - INFO - Loading file: /home/nsp/Documents/airis4D/Talks/MTC2026_Sept3/Talk.txt
2026-09-04 23:07:24,707 - INFO - Extracted title: AI as your Research Partner in the LAB
2026-09-04 23:07:24,707 - INFO - Extracted subtitle: 
2026-09-04 23:07:24,707 - INFO - Extracted author: Ninan Sajeeth Philip
2026-09-04 23:07:24,707 - INFO - Extracted institution: Artificial Intelligence Research and Intelligent Systems (airis4D)
2026-09-04 23:07:24,708 - INFO - Extracted date: \today
2026-09-04 23:07:24,762 - INFO - Using old format parser (title/content)
2026-09-04 23:07:29,711 - INFO - Saved slide 1: title='Title Page', media='None', media_masked=False, content_lines=3, notes_lines=1
2026-09-04 23:07:31,149 - INFO - Saved slide 1: title='Title Page', media='None', media_masked=False, content_lines=3, notes_lines=1
2026-09-04 23:07:32,363 - INFO - Saved slide 1: title='Title Page', media='None', media_masked=False, content_lines=3, notes_lines=1
2026-09-04 23:08:32,096 - INFO - Loading file: /home/nsp/Documents/airis4D/Talks/MTC2026_Sept3/Talk.txt
2026-09-04 23:08:35,031 - INFO - Extracted title: AI as your Research Partner in the LAB
2026-09-04 23:08:35,034 - INFO - Extracted subtitle: 
2026-09-04 23:08:35,034 - INFO - Extracted author: Ninan Sajeeth Philip
2026-09-04 23:08:35,034 - INFO - Extracted institution: Artificial Intelligence Research and Intelligent Systems (airis4D)
2026-09-04 23:08:35,034 - INFO - Extracted date: \today
2026-09-04 23:08:35,107 - INFO - Using old format parser (title/content)
2026-09-04 23:08:49,953 - INFO - Saved slide 1: title='Title Page', media='None', media_masked=False, content_lines=3, notes_lines=1
2026-09-04 23:08:54,629 - INFO - Saved slide 1: title='Title Page', media='None', media_masked=False, content_lines=3, notes_lines=1
2026-09-04 23:10:05,183 - INFO - Saved slide 1: title='Title Page', media='None', media_masked=False, content_lines=3, notes_lines=1
2026-09-04 23:10:06,492 - INFO - Saved slide 1: title='Title Page', media='None', media_masked=False, content_lines=3, notes_lines=1
2026-09-04 23:10:07,666 - INFO - Saved slide 1: title='Title Page', media='None', media_masked=False, content_lines=3, notes_lines=1
2026-09-04 23:11:38,347 - INFO - Loading file: /home/nsp/Documents/airis4D/Talks/MTC2026_Sept3/Talk_converted.txt
2026-09-04 23:11:44,150 - INFO - Extracted title: AI as your Research Partner in the LAB
2026-09-04 23:11:44,150 - INFO - Extracted subtitle: Subtitle
2026-09-04 23:11:44,150 - INFO - Extracted author: Ninan Sajeeth Philip
2026-09-04 23:11:44,150 - INFO - Extracted institution: Artificial Intelligence Research and Intelligent Systems (airis4D)
2026-09-04 23:11:44,150 - INFO - Extracted date: \today
2026-09-04 23:11:44,175 - INFO - Using new format parser (direct frames)
2026-09-04 23:11:53,704 - INFO - Saved slide 1: title='Title Page', media='None', media_masked=False, content_lines=3, notes_lines=1
2026-09-04 23:11:54,959 - INFO - Saved slide 1: title='Title Page', media='None', media_masked=False, content_lines=3, notes_lines=1
2026-09-04 23:14:57,833 - INFO - Saved slide 1: title='Title Page', media='None', media_masked=False, content_lines=3, notes_lines=1
2026-09-04 23:15:10,629 - INFO - Loading file: /home/nsp/Documents/airis4D/Talks/MTC2026_Sept3/Talk.txt
2026-09-04 23:15:13,429 - INFO - Extracted title: AI as your Research Partner in the LAB
2026-09-04 23:15:13,429 - INFO - Extracted subtitle: 
2026-09-04 23:15:13,429 - INFO - Extracted author: Ninan Sajeeth Philip
2026-09-04 23:15:13,429 - INFO - Extracted institution: Artificial Intelligence Research and Intelligent Systems (airis4D)
2026-09-04 23:15:13,430 - INFO - Extracted date: \today
2026-09-04 23:15:13,459 - INFO - Using old format parser (title/content)
2026-09-04 23:15:16,539 - INFO - Saved slide 1: title='Title Page', media='None', media_masked=False, content_lines=3, notes_lines=1
2026-09-04 23:15:17,885 - INFO - Saved slide 1: title='Title Page', media='None', media_masked=False, content_lines=3, notes_lines=1
2026-09-04 23:15:19,136 - INFO - Saved slide 1: title='Title Page', media='None', media_masked=False, content_lines=3, notes_lines=1
2026-09-04 23:44:59,621 - INFO - Loading file: /home/nsp/Documents/airis4D/Talks/MTC2026_Sept3/Talk.txt
2026-09-04 23:45:03,190 - INFO - Extracted title: AI as your Research Partner in the LAB
2026-09-04 23:45:03,190 - INFO - Extracted subtitle: 
2026-09-04 23:45:03,193 - INFO - Extracted author: Ninan Sajeeth Philip
2026-09-04 23:45:03,194 - INFO - Extracted institution: Artificial Intelligence Research and Intelligent Systems (airis4D)
2026-09-04 23:45:03,194 - INFO - Extracted date: \today
2026-09-04 23:45:03,229 - INFO - Using old format parser (title/content)
2026-09-04 23:45:15,896 - INFO - Loading file: /home/nsp/Documents/airis4D/Talks/MTC2026_Sept3/Talk.txt
2026-09-04 23:45:18,626 - INFO - Extracted title: AI as your Research Partner in the LAB
2026-09-04 23:45:18,626 - INFO - Extracted subtitle: 
2026-09-04 23:45:18,626 - INFO - Extracted author: Ninan Sajeeth Philip
2026-09-04 23:45:18,626 - INFO - Extracted institution: Artificial Intelligence Research and Intelligent Systems (airis4D)
2026-09-04 23:45:18,626 - INFO - Extracted date: \today
2026-09-04 23:45:18,650 - INFO - Using old format parser (title/content)
2026-09-04 23:45:29,513 - INFO - Saved slide 1: title='Title Page', media='None', media_masked=False, content_lines=3, notes_lines=1
2026-09-04 23:45:30,983 - INFO - Saved slide 1: title='Title Page', media='None', media_masked=False, content_lines=3, notes_lines=1
2026-09-04 23:45:32,304 - INFO - Saved slide 1: title='Title Page', media='None', media_masked=False, content_lines=3, notes_lines=1
2026-09-04 23:48:47,045 - INFO - Loading file: /home/nsp/Documents/airis4D/Talks/MTC2026_Sept3/Talk_converted.txt
2026-09-04 23:48:50,618 - INFO - Extracted title: AI as your Research Partner in the LAB
2026-09-04 23:48:50,619 - INFO - Extracted subtitle: Subtitle
2026-09-04 23:48:50,619 - INFO - Extracted author: Ninan Sajeeth Philip
2026-09-04 23:48:50,619 - INFO - Extracted institution: Artificial Intelligence Research and Intelligent Systems (airis4D)
2026-09-04 23:48:50,619 - INFO - Extracted date: \today
2026-09-04 23:48:50,657 - INFO - Using old format parser (title/content)
2026-09-04 23:48:59,563 - INFO - Saved slide 1: title='Title Page', media='None', media_masked=False, content_lines=3, notes_lines=1
2026-09-04 23:49:02,278 - INFO - Saved slide 1: title='Title Page', media='None', media_masked=False, content_lines=3, notes_lines=1
2026-09-04 23:49:10,134 - INFO - Saved slide 1: title='Title Page', media='None', media_masked=False, content_lines=3, notes_lines=1
2026-09-04 23:49:14,184 - INFO - Saved slide 1: title='Title Page', media='None', media_masked=False, content_lines=3, notes_lines=1
2026-09-04 23:50:11,558 - INFO - Loading file: /home/nsp/Documents/airis4D/Talks/MTC2026_Sept3/Talk_converted.txt
2026-09-04 23:50:13,884 - INFO - Extracted title: AI as your Research Partner in the LAB
2026-09-04 23:50:13,884 - INFO - Extracted subtitle: Subtitle
2026-09-04 23:50:13,885 - INFO - Extracted author: Ninan Sajeeth Philip
2026-09-04 23:50:13,885 - INFO - Extracted institution: Artificial Intelligence Research and Intelligent Systems (airis4D)
2026-09-04 23:50:13,885 - INFO - Extracted date: \today
2026-09-04 23:50:13,917 - INFO - Using old format parser (title/content)
2026-09-04 23:50:28,897 - INFO - Saved slide 1: title='Title Page', media='None', media_masked=False, content_lines=3, notes_lines=1
2026-09-04 23:50:31,243 - INFO - Saved slide 1: title='Title Page', media='None', media_masked=False, content_lines=3, notes_lines=1
2026-09-04 23:50:33,692 - INFO - Saved slide 1: title='Title Page', media='None', media_masked=False, content_lines=3, notes_lines=1
2026-09-04 23:50:53,092 - INFO - Saved slide 1: title='Title Page', media='None', media_masked=False, content_lines=3, notes_lines=1
2026-09-04 23:50:54,642 - INFO - Saved slide 1: title='Title Page', media='None', media_masked=False, content_lines=3, notes_lines=1
2026-09-05 00:04:56,847 - INFO - Loading file: /home/nsp/Documents/airis4D/Talks/MTC2026_Sept3/Talk_converted.txt
2026-09-05 00:04:59,425 - INFO - Extracted title: AI as your Research Partner in the LAB
2026-09-05 00:04:59,426 - INFO - Extracted subtitle: Subtitle
2026-09-05 00:04:59,426 - INFO - Extracted author: Ninan Sajeeth Philip
2026-09-05 00:04:59,426 - INFO - Extracted institution: Artificial Intelligence Research and Intelligent Systems (airis4D)
2026-09-05 00:04:59,426 - INFO - Extracted date: \today
2026-09-05 00:04:59,445 - INFO - Using old format parser (title/content)
2026-09-05 00:05:04,167 - INFO - Saved slide 1: title='Title Page', media='None', media_masked=False, content_lines=3, notes_lines=1
2026-09-05 00:05:04,201 - INFO - Saved slide 1: title='Title Page', media='None', media_masked=False, content_lines=3, notes_lines=1
2026-09-05 00:05:07,342 - INFO - Saved slide 1: title='Title Page', media='None', media_masked=False, content_lines=3, notes_lines=1
2026-09-05 00:05:26,194 - INFO - Loading file: /home/nsp/Documents/airis4D/Talks/MTC2026_Sept3/Talk.txt
2026-09-05 00:05:29,060 - INFO - Extracted title: AI as your Research Partner in the LAB
2026-09-05 00:05:29,061 - INFO - Extracted subtitle: 
2026-09-05 00:05:29,061 - INFO - Extracted author: Ninan Sajeeth Philip
2026-09-05 00:05:29,061 - INFO - Extracted institution: Artificial Intelligence Research and Intelligent Systems (airis4D)
2026-09-05 00:05:29,061 - INFO - Extracted date: \today
2026-09-05 00:05:29,073 - INFO - Using old format parser (title/content)
2026-09-05 00:05:32,186 - INFO - Saved slide 1: title='Title Page', media='None', media_masked=False, content_lines=3, notes_lines=1
2026-09-05 00:05:34,378 - INFO - Saved slide 1: title='Title Page', media='None', media_masked=False, content_lines=3, notes_lines=1
2026-09-05 00:05:35,641 - INFO - Saved slide 1: title='Title Page', media='None', media_masked=False, content_lines=3, notes_lines=1
2026-09-05 00:08:59,951 - INFO - Loading file: /home/nsp/Documents/airis4D/Talks/MTC2026_Sept3/Talk.txt
2026-09-05 00:09:02,092 - INFO - Extracted title: AI as your Research Partner in the LAB
2026-09-05 00:09:02,092 - INFO - Extracted subtitle: 
2026-09-05 00:09:02,092 - INFO - Extracted author: Ninan Sajeeth Philip
2026-09-05 00:09:02,092 - INFO - Extracted institution: Artificial Intelligence Research and Intelligent Systems (airis4D)
2026-09-05 00:09:02,093 - INFO - Extracted date: \today
2026-09-05 00:09:02,111 - INFO - Using old format parser (title/content)
2026-09-05 00:09:07,098 - INFO - Saved slide 1: title='Title Page', media='None', media_masked=False, content_lines=3, notes_lines=1
2026-09-05 00:09:08,896 - INFO - Saved slide 1: title='Title Page', media='None', media_masked=False, content_lines=3, notes_lines=1
2026-09-05 00:09:10,227 - INFO - Saved slide 1: title='Title Page', media='None', media_masked=False, content_lines=3, notes_lines=1
2026-09-05 00:09:30,796 - INFO - Saved slide 1: title='Title Page', media='None', media_masked=False, content_lines=3, notes_lines=1
2026-09-05 00:09:32,760 - INFO - Saved slide 1: title='Title Page', media='None', media_masked=False, content_lines=3, notes_lines=1
2026-09-05 00:09:34,385 - INFO - Saved slide 1: title='Title Page', media='None', media_masked=False, content_lines=3, notes_lines=1
2026-09-05 00:09:54,564 - INFO - Saved slide 1: title='Title Page', media='None', media_masked=False, content_lines=3, notes_lines=1
2026-09-05 00:09:56,182 - INFO - Saved slide 1: title='Title Page', media='None', media_masked=False, content_lines=3, notes_lines=1
2026-09-05 00:09:58,167 - INFO - Saved slide 1: title='Title Page', media='None', media_masked=False, content_lines=3, notes_lines=1
2026-09-05 00:10:28,094 - INFO - Saved slide 1: title='Title Page', media='None', media_masked=False, content_lines=3, notes_lines=1
2026-09-05 00:10:29,469 - INFO - Saved slide 1: title='Title Page', media='None', media_masked=False, content_lines=3, notes_lines=1
2026-09-05 00:10:30,606 - INFO - Saved slide 1: title='Title Page', media='None', media_masked=False, content_lines=3, notes_lines=1
2026-09-05 00:10:51,201 - INFO - Loading file: /home/nsp/Documents/airis4D/Talks/MTC2026_Sept3/Talk.txt
2026-09-05 00:11:03,010 - INFO - Extracted title: AI as your Research Partner in the LAB
2026-09-05 00:11:03,010 - INFO - Extracted subtitle: 
2026-09-05 00:11:03,011 - INFO - Extracted author: Ninan Sajeeth Philip
2026-09-05 00:11:03,011 - INFO - Extracted institution: Artificial Intelligence Research and Intelligent Systems (airis4D)
2026-09-05 00:11:03,011 - INFO - Extracted date: \today
2026-09-05 00:11:03,054 - INFO - Using old format parser (title/content)
2026-09-05 00:11:08,700 - INFO - Saved slide 1: title='Title Page', media='None', media_masked=False, content_lines=3, notes_lines=1
2026-09-05 00:11:10,585 - INFO - Saved slide 1: title='Title Page', media='None', media_masked=False, content_lines=3, notes_lines=1
2026-09-05 00:11:12,283 - INFO - Saved slide 1: title='Title Page', media='None', media_masked=False, content_lines=3, notes_lines=1
2026-09-05 00:30:49,692 - INFO - Loading file: /home/nsp/Documents/airis4D/Talks/MTC2026_Sept3/Talk.txt
2026-09-05 00:30:52,728 - INFO - Extracted title: AI as your Research Partner in the LAB
2026-09-05 00:30:52,729 - INFO - Extracted subtitle: 
2026-09-05 00:30:52,729 - INFO - Extracted author: Ninan Sajeeth Philip
2026-09-05 00:30:52,729 - INFO - Extracted institution: Artificial Intelligence Research and Intelligent Systems (airis4D)
2026-09-05 00:30:52,729 - INFO - Extracted date: \today
2026-09-05 00:30:52,770 - INFO - Using old format parser (title/content)
2026-09-05 00:30:58,312 - INFO - Saved slide 1: title='Title Page', media='None', media_masked=False, content_lines=3, notes_lines=1
2026-09-05 00:31:00,767 - INFO - Saved slide 1: title='Title Page', media='None', media_masked=False, content_lines=3, notes_lines=1
2026-09-05 00:31:01,967 - INFO - Saved slide 1: title='Title Page', media='None', media_masked=False, content_lines=3, notes_lines=1
2026-09-05 00:34:34,336 - INFO - Loading file: /home/nsp/Documents/airis4D/Talks/MTC2026_Sept3/Talk.txt
2026-09-05 00:34:37,088 - INFO - Extracted title: AI as your Research Partner in the LAB
2026-09-05 00:34:37,088 - INFO - Extracted subtitle: 
2026-09-05 00:34:37,089 - INFO - Extracted author: Ninan Sajeeth Philip
2026-09-05 00:34:37,089 - INFO - Extracted institution: Artificial Intelligence Research and Intelligent Systems (airis4D)
2026-09-05 00:34:37,089 - INFO - Extracted date: \today
2026-09-05 00:34:37,117 - INFO - Using old format parser (title/content)
2026-09-05 00:34:45,495 - INFO - Loading file: /home/nsp/Documents/airis4D/Talks/MTC2026_Sept3/Talk.txt
2026-09-05 00:34:47,916 - INFO - Extracted title: AI as your Research Partner in the LAB
2026-09-05 00:34:47,916 - INFO - Extracted subtitle: 
2026-09-05 00:34:47,916 - INFO - Extracted author: Ninan Sajeeth Philip
2026-09-05 00:34:47,916 - INFO - Extracted institution: Artificial Intelligence Research and Intelligent Systems (airis4D)
2026-09-05 00:34:47,916 - INFO - Extracted date: \today
2026-09-05 00:34:47,945 - INFO - Using old format parser (title/content)
2026-09-05 00:34:52,461 - INFO - Saved slide 1: title='Title Page', media='None', media_masked=False, content_lines=3, notes_lines=1
2026-09-05 00:34:53,780 - INFO - Saved slide 1: title='Title Page', media='None', media_masked=False, content_lines=3, notes_lines=1
2026-09-05 00:34:55,168 - INFO - Saved slide 1: title='Title Page', media='None', media_masked=False, content_lines=3, notes_lines=1
2026-09-05 00:37:27,346 - INFO - Saved slide 1: title='Title Page', media='None', media_masked=False, content_lines=3, notes_lines=1
2026-09-05 00:37:29,048 - INFO - Saved slide 1: title='Title Page', media='None', media_masked=False, content_lines=3, notes_lines=1
2026-09-05 00:37:30,258 - INFO - Saved slide 1: title='Title Page', media='None', media_masked=False, content_lines=3, notes_lines=1
2026-09-05 00:40:03,994 - INFO - Loading file: /home/nsp/Documents/airis4D/Talks/MTC2026_Sept3/Talk.txt
2026-09-05 00:40:07,125 - INFO - Extracted title: AI as your Research Partner in the LAB
2026-09-05 00:40:07,125 - INFO - Extracted subtitle: 
2026-09-05 00:40:07,126 - INFO - Extracted author: Ninan Sajeeth Philip
2026-09-05 00:40:07,126 - INFO - Extracted institution: Artificial Intelligence Research and Intelligent Systems (airis4D)
2026-09-05 00:40:07,126 - INFO - Extracted date: \today
2026-09-05 00:40:07,164 - INFO - Using old format parser (title/content)
2026-09-05 00:40:16,125 - INFO - Saved slide 1: title='Title Page', media='None', media_masked=False, content_lines=3, notes_lines=1
2026-09-05 00:40:17,587 - INFO - Saved slide 1: title='Title Page', media='None', media_masked=False, content_lines=3, notes_lines=1
2026-09-05 00:40:18,835 - INFO - Saved slide 1: title='Title Page', media='None', media_masked=False, content_lines=3, notes_lines=1
2026-09-05 00:41:03,103 - INFO - Saved slide 1: title='Title Page', media='None', media_masked=False, content_lines=3, notes_lines=1
2026-09-05 00:41:03,949 - INFO - Saved slide 1: title='Title Page', media='None', media_masked=False, content_lines=3, notes_lines=1
2026-09-05 00:41:06,116 - INFO - Saved slide 1: title='Title Page', media='None', media_masked=False, content_lines=3, notes_lines=1
2026-09-05 00:41:07,325 - INFO - Saved slide 1: title='Title Page', media='None', media_masked=False, content_lines=3, notes_lines=1
2026-09-05 00:51:11,210 - INFO - Loading file: /home/nsp/Documents/airis4D/Talks/MTC2026_Sept3/Talk.txt
2026-09-05 00:51:13,185 - INFO - Extracted title: AI as your Research Partner in the LAB
2026-09-05 00:51:13,186 - INFO - Extracted subtitle: 
2026-09-05 00:51:13,186 - INFO - Extracted author: Ninan Sajeeth Philip
2026-09-05 00:51:13,186 - INFO - Extracted institution: Artificial Intelligence Research and Intelligent Systems (airis4D)
2026-09-05 00:51:13,186 - INFO - Extracted date: \today
2026-09-05 00:51:13,220 - INFO - Using old format parser (title/content)
2026-09-05 00:51:19,588 - INFO - Saved slide 1: title='Title Page', media='None', media_masked=False, content_lines=3, notes_lines=1
2026-09-05 00:51:21,030 - INFO - Saved slide 1: title='Title Page', media='None', media_masked=False, content_lines=3, notes_lines=1
2026-09-05 00:51:22,201 - INFO - Saved slide 1: title='Title Page', media='None', media_masked=False, content_lines=3, notes_lines=1
2026-09-05 00:51:55,143 - INFO - Loading file: /home/nsp/Documents/airis4D/Talks/MTC2026_Sept3/Talk_converted.txt
2026-09-05 00:51:58,071 - INFO - Extracted title: AI as your Research Partner in the LAB
2026-09-05 00:51:58,072 - INFO - Extracted subtitle: Subtitle
2026-09-05 00:51:58,072 - INFO - Extracted author: Ninan Sajeeth Philip
2026-09-05 00:51:58,072 - INFO - Extracted institution: Artificial Intelligence Research and Intelligent Systems (airis4D)
2026-09-05 00:51:58,072 - INFO - Extracted date: \today
2026-09-05 00:51:58,104 - INFO - Using new format parser (direct frames)
2026-09-05 00:52:00,481 - INFO - Saved slide 1: title='Title Page', media='None', media_masked=False, content_lines=3, notes_lines=1
2026-09-05 00:52:02,099 - INFO - Saved slide 1: title='Title Page', media='None', media_masked=False, content_lines=3, notes_lines=1
2026-09-05 00:52:03,268 - INFO - Saved slide 1: title='Title Page', media='None', media_masked=False, content_lines=3, notes_lines=1
2026-09-05 00:53:01,144 - INFO - Saved slide 1: title='Title Page', media='None', media_masked=False, content_lines=3, notes_lines=1
2026-09-05 00:53:02,555 - INFO - Saved slide 1: title='Title Page', media='None', media_masked=False, content_lines=3, notes_lines=1
2026-09-05 00:53:03,713 - INFO - Saved slide 1: title='Title Page', media='None', media_masked=False, content_lines=3, notes_lines=1
2026-09-05 00:53:42,761 - INFO - Loading file: /home/nsp/Documents/airis4D/Talks/MTC2026_Sept3/Talk_converted.txt
2026-09-05 00:53:45,748 - INFO - Extracted title: AI as your Research Partner in the LAB
2026-09-05 00:53:45,748 - INFO - Extracted subtitle: Subtitle
2026-09-05 00:53:45,748 - INFO - Extracted author: Ninan Sajeeth Philip
2026-09-05 00:53:45,748 - INFO - Extracted institution: Artificial Intelligence Research and Intelligent Systems (airis4D)
2026-09-05 00:53:45,748 - INFO - Extracted date: \today
2026-09-05 00:53:45,791 - INFO - Using new format parser (direct frames)
2026-09-05 00:53:52,623 - INFO - Saved slide 1: title='Title Page', media='None', media_masked=False, content_lines=3, notes_lines=1
2026-09-05 00:53:55,045 - INFO - Saved slide 1: title='Title Page', media='None', media_masked=False, content_lines=3, notes_lines=1
2026-09-05 00:53:56,422 - INFO - Saved slide 1: title='Title Page', media='None', media_masked=False, content_lines=3, notes_lines=1
2026-09-05 01:12:08,158 - INFO - Loading file: /home/nsp/Documents/airis4D/Talks/MTC2026_Sept3/Talk_converted.txt
2026-09-05 01:12:11,437 - INFO - Extracted title: AI as your Research Partner in the LAB
2026-09-05 01:12:11,438 - INFO - Extracted subtitle: Subtitle
2026-09-05 01:12:11,438 - INFO - Extracted author: Ninan Sajeeth Philip
2026-09-05 01:12:11,438 - INFO - Extracted institution: Artificial Intelligence Research and Intelligent Systems (airis4D)
2026-09-05 01:12:11,438 - INFO - Extracted date: \today
2026-09-05 01:12:11,464 - INFO - Using old format parser (title/content)
2026-09-05 01:12:19,005 - INFO - Saved slide 1: title='Title Page', media='None', media_masked=False, content_lines=3, notes_lines=1
2026-09-05 01:12:20,157 - INFO - Saved slide 1: title='Title Page', media='None', media_masked=False, content_lines=3, notes_lines=1
2026-09-05 01:12:21,295 - INFO - Saved slide 1: title='Title Page', media='None', media_masked=False, content_lines=3, notes_lines=1
2026-09-05 01:14:28,016 - INFO - Loading file: /home/nsp/Documents/airis4D/Talks/MTC2026_Sept3/Talk_converted.txt
2026-09-05 01:14:31,233 - INFO - Extracted title: AI as your Research Partner in the LAB
2026-09-05 01:14:31,234 - INFO - Extracted subtitle: Subtitle
2026-09-05 01:14:31,234 - INFO - Extracted author: Ninan Sajeeth Philip
2026-09-05 01:14:31,234 - INFO - Extracted institution: Artificial Intelligence Research and Intelligent Systems (airis4D)
2026-09-05 01:14:31,234 - INFO - Extracted date: \today
2026-09-05 01:14:31,268 - INFO - Using old format parser (title/content)
2026-09-05 01:15:07,926 - INFO - Loading file: /home/nsp/Documents/airis4D/Talks/MTC2026_Sept3/Talk_converted.txt
2026-09-05 01:15:09,952 - INFO - Extracted title: AI as your Research Partner in the LAB
2026-09-05 01:15:09,953 - INFO - Extracted subtitle: Subtitle
2026-09-05 01:15:09,953 - INFO - Extracted author: Ninan Sajeeth Philip
2026-09-05 01:15:09,953 - INFO - Extracted institution: Artificial Intelligence Research and Intelligent Systems (airis4D)
2026-09-05 01:15:09,953 - INFO - Extracted date: \today
2026-09-05 01:15:09,971 - INFO - Using old format parser (title/content)
2026-09-05 01:15:15,566 - INFO - Loading file: /home/nsp/Documents/airis4D/Talks/MTC2026_Sept3/Talk_converted.txt
2026-09-05 01:15:17,939 - INFO - Extracted title: AI as your Research Partner in the LAB
2026-09-05 01:15:17,939 - INFO - Extracted subtitle: Subtitle
2026-09-05 01:15:17,939 - INFO - Extracted author: Ninan Sajeeth Philip
2026-09-05 01:15:17,939 - INFO - Extracted institution: Artificial Intelligence Research and Intelligent Systems (airis4D)
2026-09-05 01:15:17,939 - INFO - Extracted date: \today
2026-09-05 01:15:17,979 - INFO - Using new format parser (direct frames)
2026-09-05 01:15:20,818 - INFO - Saved slide 1: title='Title Page', media='None', media_masked=False, content_lines=3, notes_lines=1
2026-09-05 01:15:21,743 - INFO - Saved slide 1: title='Title Page', media='None', media_masked=False, content_lines=3, notes_lines=1
2026-09-05 01:15:23,178 - INFO - Saved slide 1: title='Title Page', media='None', media_masked=False, content_lines=3, notes_lines=1
2026-09-05 01:20:47,892 - INFO - Loading file: /home/nsp/Documents/airis4D/Talks/MTC2026_Sept3/Talk_converted.txt
2026-09-05 01:20:49,842 - INFO - Extracted title: AI as your Research Partner in the LAB
2026-09-05 01:20:49,843 - INFO - Extracted subtitle: Subtitle
2026-09-05 01:20:49,843 - INFO - Extracted author: Ninan Sajeeth Philip
2026-09-05 01:20:49,843 - INFO - Extracted institution: Artificial Intelligence Research and Intelligent Systems (airis4D)
2026-09-05 01:20:49,843 - INFO - Extracted date: \today
2026-09-05 01:20:49,880 - INFO - Using old format parser (title/content)
2026-09-05 01:20:52,696 - INFO - Saved slide 1: title='Title Page', media='None', media_masked=False, content_lines=3, notes_lines=1
2026-09-05 01:20:54,100 - INFO - Saved slide 1: title='Title Page', media='None', media_masked=False, content_lines=3, notes_lines=1
2026-09-05 01:20:55,268 - INFO - Saved slide 1: title='Title Page', media='None', media_masked=False, content_lines=3, notes_lines=1
2026-09-05 01:21:23,572 - INFO - Loading file: /home/nsp/Documents/airis4D/Talks/MTC2026_Sept3/Talk_converted.txt
2026-09-05 01:21:25,779 - INFO - Extracted title: AI as your Research Partner in the LAB
2026-09-05 01:21:25,780 - INFO - Extracted subtitle: Subtitle
2026-09-05 01:21:25,780 - INFO - Extracted author: Ninan Sajeeth Philip
2026-09-05 01:21:25,780 - INFO - Extracted institution: Artificial Intelligence Research and Intelligent Systems (airis4D)
2026-09-05 01:21:25,780 - INFO - Extracted date: \today
2026-09-05 01:21:25,806 - INFO - Using new format parser (direct frames)
2026-09-05 01:21:34,154 - INFO - Saved slide 1: title='Title Page', media='None', media_masked=False, content_lines=3, notes_lines=1
2026-09-05 01:21:36,635 - INFO - Saved slide 1: title='Title Page', media='None', media_masked=False, content_lines=3, notes_lines=1
2026-09-05 01:21:37,881 - INFO - Saved slide 1: title='Title Page', media='None', media_masked=False, content_lines=3, notes_lines=1
2026-09-05 01:23:08,390 - INFO - Loading file: /home/nsp/Documents/airis4D/Talks/MTC2026_Sept3/Talk_converted.txt
2026-09-05 01:23:10,861 - INFO - Extracted title: AI as your Research Partner in the LAB
2026-09-05 01:23:10,862 - INFO - Extracted subtitle: Subtitle
2026-09-05 01:23:10,862 - INFO - Extracted author: Ninan Sajeeth Philip
2026-09-05 01:23:10,862 - INFO - Extracted institution: Artificial Intelligence Research and Intelligent Systems (airis4D)
2026-09-05 01:23:10,862 - INFO - Extracted date: \today
2026-09-05 01:23:10,890 - INFO - Using old format parser (title/content)
2026-09-05 01:23:18,957 - INFO - Loading file: /home/nsp/Documents/airis4D/Talks/MTC2026_Sept3/Talk_converted.txt
2026-09-05 01:23:20,953 - INFO - Extracted title: AI as your Research Partner in the LAB
2026-09-05 01:23:20,954 - INFO - Extracted subtitle: Subtitle
2026-09-05 01:23:20,954 - INFO - Extracted author: Ninan Sajeeth Philip
2026-09-05 01:23:20,954 - INFO - Extracted institution: Artificial Intelligence Research and Intelligent Systems (airis4D)
2026-09-05 01:23:20,954 - INFO - Extracted date: \today
2026-09-05 01:23:20,986 - INFO - Using new format parser (direct frames)
2026-09-05 01:23:23,535 - INFO - Saved slide 1: title='Title Page', media='None', media_masked=False, content_lines=3, notes_lines=1
2026-09-05 01:23:24,485 - INFO - Saved slide 1: title='Title Page', media='None', media_masked=False, content_lines=3, notes_lines=1
2026-09-05 01:23:25,648 - INFO - Saved slide 1: title='Title Page', media='None', media_masked=False, content_lines=3, notes_lines=1
2026-09-05 01:25:10,872 - INFO - Loading file: /home/nsp/Documents/airis4D/Talks/MTC2026_Sept3/Talk_converted.txt
2026-09-05 01:25:14,853 - INFO - Extracted title: AI as your Research Partner in the LAB
2026-09-05 01:25:14,854 - INFO - Extracted subtitle: Subtitle
2026-09-05 01:25:14,854 - INFO - Extracted author: Ninan Sajeeth Philip
2026-09-05 01:25:14,854 - INFO - Extracted institution: Artificial Intelligence Research and Intelligent Systems (airis4D)
2026-09-05 01:25:14,854 - INFO - Extracted date: \today
2026-09-05 01:25:14,915 - INFO - Using old format parser (title/content)
2026-09-05 01:25:22,109 - INFO - Loading file: /home/nsp/Documents/airis4D/Talks/MTC2026_Sept3/Talk_converted.txt
2026-09-05 01:25:24,482 - INFO - Extracted title: AI as your Research Partner in the LAB
2026-09-05 01:25:24,482 - INFO - Extracted subtitle: Subtitle
2026-09-05 01:25:24,482 - INFO - Extracted author: Ninan Sajeeth Philip
2026-09-05 01:25:24,482 - INFO - Extracted institution: Artificial Intelligence Research and Intelligent Systems (airis4D)
2026-09-05 01:25:24,482 - INFO - Extracted date: \today
2026-09-05 01:25:24,507 - INFO - Using old format parser (title/content)
2026-09-05 01:25:27,471 - INFO - Saved slide 1: title='Title Page', media='None', media_masked=False, content_lines=3, notes_lines=1
2026-09-05 01:25:27,503 - INFO - Saved slide 1: title='Title Page', media='None', media_masked=False, content_lines=3, notes_lines=1
2026-09-05 01:25:29,176 - INFO - Saved slide 1: title='Title Page', media='None', media_masked=False, content_lines=3, notes_lines=1
2026-09-05 01:26:46,262 - INFO - Saved slide 1: title='Title Page', media='None', media_masked=False, content_lines=3, notes_lines=1
2026-09-05 01:26:47,100 - INFO - Saved slide 1: title='Title Page', media='None', media_masked=False, content_lines=3, notes_lines=1
2026-09-05 01:26:47,118 - INFO - Saved slide 1: title='Title Page', media='None', media_masked=False, content_lines=3, notes_lines=1
2026-09-05 01:26:48,948 - INFO - Saved slide 1: title='Title Page', media='None', media_masked=False, content_lines=3, notes_lines=1
2026-09-05 01:28:28,417 - INFO - Saved slide 1: title='Title Page', media='None', media_masked=False, content_lines=3, notes_lines=1
2026-09-05 01:28:40,494 - INFO - Saved slide 2: title='AI as a Research Partner in Chemistry', media='\file media_files/screen_captu', media_masked=False, content_lines=1, notes_lines=6
2026-09-05 01:28:42,703 - INFO - Saved slide 2: title='AI as a Research Partner in Chemistry', media='\file media_files/screen_captu', media_masked=False, content_lines=1, notes_lines=6
2026-09-05 01:28:54,604 - INFO - Saved slide 2: title='AI as a Research Partner in Chemistry', media='\file media_files/screen_captu', media_masked=False, content_lines=1, notes_lines=6
2026-09-05 01:28:58,321 - INFO - Saved slide 2: title='AI as a Research Partner in Chemistry', media='\file media_files/screen_captu', media_masked=False, content_lines=1, notes_lines=6
2026-09-05 01:34:13,573 - INFO - Loading file: /home/nsp/Documents/airis4D/Talks/MTC2026_Sept3/Talk_converted.txt
2026-09-05 01:34:22,943 - INFO - Extracted title: AI as your Research Partner in the LAB
2026-09-05 01:34:22,944 - INFO - Extracted subtitle: Subtitle
2026-09-05 01:34:22,944 - INFO - Extracted author: Ninan Sajeeth Philip
2026-09-05 01:34:22,944 - INFO - Extracted institution: Artificial Intelligence Research and Intelligent Systems (airis4D)
2026-09-05 01:34:22,944 - INFO - Extracted date: \today
2026-09-05 01:34:22,974 - INFO - Using old format parser (title/content)
2026-09-05 01:34:28,360 - INFO - Saved slide 1: title='Title Page', media='None', media_masked=False, content_lines=3, notes_lines=1
2026-09-05 01:34:28,386 - INFO - Saved slide 1: title='Title Page', media='None', media_masked=False, content_lines=3, notes_lines=1
2026-09-05 01:34:30,355 - INFO - Saved slide 1: title='Title Page', media='None', media_masked=False, content_lines=3, notes_lines=1
2026-09-05 01:35:24,522 - INFO - Saved slide 1: title='Title Page', media='None', media_masked=False, content_lines=3, notes_lines=1
2026-09-05 01:35:24,549 - INFO - Saved slide 1: title='Title Page', media='None', media_masked=False, content_lines=3, notes_lines=1
2026-09-05 01:35:26,159 - INFO - Saved slide 1: title='Title Page', media='None', media_masked=False, content_lines=3, notes_lines=1
2026-09-05 01:45:41,039 - INFO - Loading file: /home/nsp/Documents/airis4D/Talks/MTC2026_Sept3/Talk_converted.txt
2026-09-05 01:45:44,874 - INFO - Extracted title: AI as your Research Partner in the LAB
2026-09-05 01:45:44,875 - INFO - Extracted subtitle: Subtitle
2026-09-05 01:45:44,875 - INFO - Extracted author: Ninan Sajeeth Philip
2026-09-05 01:45:44,876 - INFO - Extracted institution: Artificial Intelligence Research and Intelligent Systems (airis4D)
2026-09-05 01:45:44,879 - INFO - Extracted date: \today
2026-09-05 01:45:44,917 - INFO - Using old format parser (title/content)
2026-09-05 01:45:50,881 - INFO - Loading file: /home/nsp/Documents/airis4D/Talks/MTC2026_Sept3/Talk_converted.txt
2026-09-05 01:45:54,155 - INFO - Extracted title: AI as your Research Partner in the LAB
2026-09-05 01:45:54,156 - INFO - Extracted subtitle: Subtitle
2026-09-05 01:45:54,156 - INFO - Extracted author: Ninan Sajeeth Philip
2026-09-05 01:45:54,156 - INFO - Extracted institution: Artificial Intelligence Research and Intelligent Systems (airis4D)
2026-09-05 01:45:54,156 - INFO - Extracted date: \today
2026-09-05 01:45:54,186 - INFO - Using old format parser (title/content)
2026-09-05 01:45:57,055 - INFO - Saved slide 1: title='Title Page', media='None', media_masked=False, content_lines=3, notes_lines=1
2026-09-05 01:45:57,095 - INFO - Saved slide 1: title='Title Page', media='None', media_masked=False, content_lines=3, notes_lines=1
2026-09-05 01:45:58,169 - INFO - Saved slide 1: title='Title Page', media='None', media_masked=False, content_lines=3, notes_lines=1
2026-09-05 01:46:47,467 - INFO - Loading file: /home/nsp/Documents/airis4D/Talks/MTC2026_Sept3/Talk_converted.txt
2026-09-05 01:46:52,832 - INFO - Extracted title: AI as your Research Partner in the LAB
2026-09-05 01:46:52,832 - INFO - Extracted subtitle: Subtitle
2026-09-05 01:46:52,833 - INFO - Extracted author: Ninan Sajeeth Philip
2026-09-05 01:46:52,833 - INFO - Extracted institution: Artificial Intelligence Research and Intelligent Systems (airis4D)
2026-09-05 01:46:52,833 - INFO - Extracted date: \today
2026-09-05 01:46:52,864 - INFO - Using old format parser (title/content)
2026-09-05 01:46:54,947 - INFO - Saved slide 1: title='Title Page', media='None', media_masked=False, content_lines=3, notes_lines=1
2026-09-05 01:46:54,991 - INFO - Saved slide 1: title='Title Page', media='None', media_masked=False, content_lines=3, notes_lines=1
2026-09-05 01:46:56,130 - INFO - Saved slide 1: title='Title Page', media='None', media_masked=False, content_lines=3, notes_lines=1
2026-09-05 01:48:23,148 - INFO - Loading file: /home/nsp/Documents/airis4D/Talks/MTC2026_Sept3/Talk_converted.txt
2026-09-05 01:48:25,796 - INFO - Extracted title: AI as your Research Partner in the LAB
2026-09-05 01:48:25,797 - INFO - Extracted subtitle: Subtitle
2026-09-05 01:48:25,797 - INFO - Extracted author: Ninan Sajeeth Philip
2026-09-05 01:48:25,797 - INFO - Extracted institution: Artificial Intelligence Research and Intelligent Systems (airis4D)
2026-09-05 01:48:25,797 - INFO - Extracted date: \today
2026-09-05 01:48:25,828 - INFO - Using old format parser (title/content)
2026-09-05 01:58:44,611 - INFO - Loading file: /home/nsp/Documents/airis4D/Talks/MTC2026_Sept3/Talk_converted.txt
2026-09-05 01:58:47,139 - INFO - Extracted title: AI as your Research Partner in the LAB
2026-09-05 01:58:47,139 - INFO - Extracted subtitle: Subtitle
2026-09-05 01:58:47,139 - INFO - Extracted author: Ninan Sajeeth Philip
2026-09-05 01:58:47,140 - INFO - Extracted institution: Artificial Intelligence Research and Intelligent Systems (airis4D)
2026-09-05 01:58:47,140 - INFO - Extracted date: \today
2026-09-05 01:58:47,170 - INFO - Using old format parser (title/content)
2026-09-05 01:58:52,471 - INFO - Loading file: /home/nsp/Documents/airis4D/Talks/MTC2026_Sept3/Talk_converted.txt
2026-09-05 01:58:55,537 - INFO - Extracted title: AI as your Research Partner in the LAB
2026-09-05 01:58:55,538 - INFO - Extracted subtitle: 
2026-09-05 01:58:55,538 - INFO - Extracted author: Ninan Sajeeth Philip
2026-09-05 01:58:55,538 - INFO - Extracted institution: Artificial Intelligence Research and Intelligent Systems (airis4D)
2026-09-05 01:58:55,538 - INFO - Extracted date: \today
2026-09-05 01:58:55,550 - INFO - Using old format parser (title/content)
2026-09-05 01:58:58,876 - INFO - Saved slide 1: title='Title Page', media='None', media_masked=False, content_lines=3, notes_lines=1
2026-09-05 01:58:58,914 - INFO - Saved slide 1: title='Title Page', media='None', media_masked=False, content_lines=3, notes_lines=1
2026-09-05 01:59:00,029 - INFO - Saved slide 1: title='Title Page', media='None', media_masked=False, content_lines=3, notes_lines=1
2026-09-05 01:59:36,779 - INFO - Loading file: /home/nsp/Documents/airis4D/Talks/MTC2026_Sept3/Talk.txt
2026-09-05 01:59:39,919 - INFO - Extracted title: AI as your Research Partner in the LAB
2026-09-05 01:59:39,919 - INFO - Extracted subtitle: 
2026-09-05 01:59:39,919 - INFO - Extracted author: Ninan Sajeeth Philip
2026-09-05 01:59:39,919 - INFO - Extracted institution: Artificial Intelligence Research and Intelligent Systems (airis4D)
2026-09-05 01:59:39,919 - INFO - Extracted date: \today
2026-09-05 01:59:39,932 - INFO - Using old format parser (title/content)
2026-09-05 01:59:44,365 - INFO - Saved slide 1: title='Title Page', media='None', media_masked=False, content_lines=3, notes_lines=1
2026-09-05 01:59:46,360 - INFO - Saved slide 1: title='Title Page', media='None', media_masked=False, content_lines=3, notes_lines=1
2026-09-05 01:59:48,037 - INFO - Saved slide 1: title='Title Page', media='None', media_masked=False, content_lines=3, notes_lines=1
2026-09-05 02:00:25,570 - INFO - Saved slide 1: title='Title Page', media='None', media_masked=False, content_lines=3, notes_lines=1
2026-09-05 02:00:27,210 - INFO - Saved slide 1: title='Title Page', media='None', media_masked=False, content_lines=3, notes_lines=1
2026-09-05 02:00:28,578 - INFO - Saved slide 1: title='Title Page', media='None', media_masked=False, content_lines=3, notes_lines=1
2026-09-05 02:07:12,825 - INFO - Loading file: /home/nsp/Documents/airis4D/Talks/MTC2026_Sept3/Talk.txt
2026-09-05 02:07:15,811 - INFO - Extracted title: Title
2026-09-05 02:07:15,811 - INFO - Extracted subtitle: Subtitle
2026-09-05 02:07:15,811 - INFO - Extracted author: Author
2026-09-05 02:07:15,812 - INFO - Extracted institution: Institution
2026-09-05 02:07:15,812 - INFO - Extracted date: \today
2026-09-05 02:07:15,843 - INFO - Using old format parser (title/content)
2026-09-05 02:09:28,292 - INFO - Saved slide 1: title='Title Page', media='None', media_masked=False, content_lines=3, notes_lines=1
2026-09-05 02:09:49,235 - INFO - Saved slide 1: title='Title Page', media='None', media_masked=False, content_lines=3, notes_lines=1
2026-09-05 02:09:50,452 - INFO - Saved slide 1: title='Title Page', media='None', media_masked=False, content_lines=3, notes_lines=1
2026-09-05 02:11:50,481 - INFO - Loading file: /home/nsp/Documents/airis4D/Talks/MTC2026_Sept3/Talk.txt
2026-09-05 02:11:52,690 - INFO - Extracted title: AI as your Research Partner in the LAB
2026-09-05 02:11:52,690 - INFO - Extracted subtitle: 
2026-09-05 02:11:52,690 - INFO - Extracted author: Ninan Sajeeth Philip
2026-09-05 02:11:52,690 - INFO - Extracted institution: Artificial Intelligence Research and Intelligent Systems (airis4D
2026-09-05 02:11:52,690 - INFO - Extracted date: \today
2026-09-05 02:11:52,723 - INFO - Using old format parser (title/content)
2026-09-05 02:11:58,274 - INFO - Saved slide 1: title='Title Page', media='None', media_masked=False, content_lines=3, notes_lines=1
2026-09-05 02:11:59,379 - INFO - Saved slide 1: title='Title Page', media='None', media_masked=False, content_lines=3, notes_lines=1
2026-09-05 02:12:00,582 - INFO - Saved slide 1: title='Title Page', media='None', media_masked=False, content_lines=3, notes_lines=1
2026-09-05 02:12:37,990 - INFO - Loading file: /home/nsp/Documents/airis4D/Talks/MTC2026_Sept3/Talk_converted.txt
2026-09-05 02:12:41,448 - INFO - Extracted title: AI as your Research Partner in the LAB
2026-09-05 02:12:41,448 - INFO - Extracted subtitle: Subtitle
2026-09-05 02:12:41,448 - INFO - Extracted author: Ninan Sajeeth Philip
2026-09-05 02:12:41,448 - INFO - Extracted institution: Artificial Intelligence Research and Intelligent Systems (airis4D
2026-09-05 02:12:41,448 - INFO - Extracted date: \today
2026-09-05 02:12:41,482 - INFO - Using old format parser (title/content)
2026-09-05 02:12:43,531 - INFO - Saved slide 1: title='Title Page', media='None', media_masked=False, content_lines=3, notes_lines=1
2026-09-05 02:12:43,605 - INFO - Saved slide 1: title='Title Page', media='None', media_masked=False, content_lines=3, notes_lines=1
2026-09-05 02:12:44,694 - INFO - Saved slide 1: title='Title Page', media='None', media_masked=False, content_lines=3, notes_lines=1
2026-09-05 02:13:52,699 - INFO - Saved slide 1: title='Title Page', media='None', media_masked=False, content_lines=3, notes_lines=1
2026-09-05 02:13:52,756 - INFO - Saved slide 1: title='Title Page', media='None', media_masked=False, content_lines=3, notes_lines=1
2026-09-05 02:13:54,077 - INFO - Saved slide 1: title='Title Page', media='None', media_masked=False, content_lines=3, notes_lines=1
2026-09-05 02:15:02,201 - INFO - Saved slide 1: title='Title Page', media='None', media_masked=False, content_lines=3, notes_lines=1
2026-09-05 02:15:02,242 - INFO - Saved slide 1: title='Title Page', media='None', media_masked=False, content_lines=3, notes_lines=1
2026-09-05 02:15:03,823 - INFO - Saved slide 1: title='Title Page', media='None', media_masked=False, content_lines=3, notes_lines=1
2026-09-05 02:19:30,440 - INFO - Loading file: /home/nsp/Documents/airis4D/Talks/MTC2026_Sept3/Talk_converted.txt
2026-09-05 02:19:33,688 - INFO - Extracted title: AI as your Research Partner in the LAB
2026-09-05 02:19:33,689 - INFO - Extracted subtitle: Subtitle
2026-09-05 02:19:33,689 - INFO - Extracted author: Ninan Sajeeth Philip
2026-09-05 02:19:33,689 - INFO - Extracted institution: Artificial Intelligence Research and Intelligent Systems (airis4D
2026-09-05 02:19:33,689 - INFO - Extracted date: \today
2026-09-05 02:19:33,720 - INFO - Using old format parser (title/content)
2026-09-05 02:19:40,946 - INFO - Loading file: /home/nsp/Documents/airis4D/Talks/MTC2026_Sept3/Talk_converted.txt
2026-09-05 02:19:47,369 - INFO - Extracted title: AI as your Research Partner in the LAB
2026-09-05 02:19:47,370 - INFO - Extracted subtitle: Subtitle
2026-09-05 02:19:47,370 - INFO - Extracted author: Ninan Sajeeth Philip
2026-09-05 02:19:47,370 - INFO - Extracted institution: Artificial Intelligence Research and Intelligent Systems (airis4D
2026-09-05 02:19:47,370 - INFO - Extracted date: \today
2026-09-05 02:19:47,381 - INFO - Using old format parser (title/content)
2026-09-05 02:19:49,836 - INFO - Saved slide 1: title='Title Page', media='None', media_masked=False, content_lines=3, notes_lines=1
2026-09-05 02:19:49,894 - INFO - Saved slide 1: title='Title Page', media='None', media_masked=False, content_lines=3, notes_lines=1
2026-09-05 02:19:50,824 - INFO - Saved slide 1: title='Title Page', media='None', media_masked=False, content_lines=3, notes_lines=1
2026-09-05 02:21:47,551 - INFO - Saved slide 1: title='Title Page', media='None', media_masked=False, content_lines=3, notes_lines=1
2026-09-05 02:21:47,593 - INFO - Saved slide 1: title='Title Page', media='None', media_masked=False, content_lines=3, notes_lines=1
2026-09-05 02:21:48,879 - INFO - Saved slide 1: title='Title Page', media='None', media_masked=False, content_lines=3, notes_lines=1
2026-09-05 02:22:32,899 - INFO - Saved slide 1: title='Title Page', media='None', media_masked=False, content_lines=3, notes_lines=1
2026-09-05 02:22:32,928 - INFO - Saved slide 1: title='Title Page', media='None', media_masked=False, content_lines=3, notes_lines=1
2026-09-05 02:22:35,143 - INFO - Saved slide 1: title='Title Page', media='None', media_masked=False, content_lines=3, notes_lines=1
2026-09-05 02:25:01,625 - INFO - Loading file: /home/nsp/Documents/airis4D/Talks/MTC2026_Sept3/Talk.txt
2026-09-05 02:25:04,333 - INFO - Extracted title: AI as your Research Partner in the LAB
2026-09-05 02:25:04,333 - INFO - Extracted subtitle: 
2026-09-05 02:25:04,333 - INFO - Extracted author: Ninan Sajeeth Philip
2026-09-05 02:25:04,333 - INFO - Extracted institution: Artificial Intelligence Research and Intelligent Systems (airis4D
2026-09-05 02:25:04,334 - INFO - Extracted date: \today
2026-09-05 02:25:04,351 - INFO - Using old format parser (title/content)
2026-09-05 02:25:06,575 - INFO - Saved slide 1: title='Title Page', media='None', media_masked=False, content_lines=3, notes_lines=1
2026-09-05 02:25:09,412 - INFO - Saved slide 1: title='Title Page', media='None', media_masked=False, content_lines=3, notes_lines=1
2026-09-05 02:25:10,853 - INFO - Saved slide 1: title='Title Page', media='None', media_masked=False, content_lines=3, notes_lines=1
2026-09-05 02:28:42,787 - INFO - Loading file: /home/nsp/Documents/airis4D/Talks/MTC2026_Sept3/Talk_converted.txt
2026-09-05 02:28:45,585 - INFO - Extracted title: AI as your Research Partner in the LAB
2026-09-05 02:28:45,586 - INFO - Extracted subtitle: Subtitle
2026-09-05 02:28:45,586 - INFO - Extracted author: Ninan Sajeeth Philip
2026-09-05 02:28:45,586 - INFO - Extracted institution: Artificial Intelligence Research and Intelligent Systems (airis4D
2026-09-05 02:28:45,587 - INFO - Extracted date: \today
2026-09-05 02:28:45,601 - INFO - Using old format parser (title/content)
2026-09-05 02:28:49,557 - INFO - Saved slide 1: title='Title Page', media='None', media_masked=False, content_lines=3, notes_lines=1
2026-09-05 02:28:49,611 - INFO - Saved slide 1: title='Title Page', media='None', media_masked=False, content_lines=3, notes_lines=1
2026-09-05 02:28:51,808 - INFO - Saved slide 1: title='Title Page', media='None', media_masked=False, content_lines=3, notes_lines=1
2026-09-05 02:29:51,367 - INFO - Saved slide 1: title='Title Page', media='None', media_masked=False, content_lines=3, notes_lines=1
2026-09-05 02:30:34,051 - INFO - Saved slide 1: title='Title Page', media='None', media_masked=False, content_lines=3, notes_lines=1
2026-09-05 02:30:34,083 - INFO - Saved slide 1: title='Title Page', media='None', media_masked=False, content_lines=3, notes_lines=1
2026-09-05 02:30:35,510 - INFO - Saved slide 1: title='Title Page', media='None', media_masked=False, content_lines=3, notes_lines=1
2026-09-05 02:37:11,476 - INFO - Loading file: /home/nsp/Documents/airis4D/Talks/MTC2026_Sept3/Talk_converted.txt
2026-09-05 02:37:14,655 - INFO - Extracted title: AI as your Research Partner in the LAB
2026-09-05 02:37:14,655 - INFO - Extracted subtitle: 
2026-09-05 02:37:14,655 - INFO - Extracted author: Ninan Sajeeth Philip
2026-09-05 02:37:14,655 - INFO - Extracted institution: Artificial Intelligence Research and Intelligent Systems (airis4D
2026-09-05 02:37:14,656 - INFO - Extracted date: \today
2026-09-05 02:37:14,689 - INFO - Using old format parser (title/content)
2026-09-05 02:37:21,658 - INFO - Loading file: /home/nsp/Documents/airis4D/Talks/MTC2026_Sept3/Talk_converted.txt
2026-09-05 02:37:24,032 - INFO - Extracted title: AI as your Research Partner in the LAB
2026-09-05 02:37:24,033 - INFO - Extracted subtitle: Subtitle
2026-09-05 02:37:24,033 - INFO - Extracted author: Ninan Sajeeth Philip
2026-09-05 02:37:24,033 - INFO - Extracted institution: Artificial Intelligence Research and Intelligent Systems (airis4D
2026-09-05 02:37:24,033 - INFO - Extracted date: \today
2026-09-05 02:37:24,065 - INFO - Using old format parser (title/content)
2026-09-05 02:38:11,529 - INFO - Saved slide 1: title='Title Page', media='None', media_masked=False, content_lines=3, notes_lines=1
2026-09-05 02:38:11,561 - INFO - Saved slide 1: title='Title Page', media='None', media_masked=False, content_lines=3, notes_lines=1
2026-09-05 02:38:12,954 - INFO - Saved slide 1: title='Title Page', media='None', media_masked=False, content_lines=3, notes_lines=1
2026-09-05 02:39:19,243 - INFO - Loading file: /home/nsp/Documents/airis4D/Talks/MTC2026_Sept3/Talk_converted.txt
2026-09-05 02:39:21,383 - INFO - Extracted title: AI as your Research Partner in the LAB
2026-09-05 02:39:21,384 - INFO - Extracted subtitle: 
2026-09-05 02:39:21,385 - INFO - Extracted author: Ninan Sajeeth Philip
2026-09-05 02:39:21,385 - INFO - Extracted institution: Artificial Intelligence Research and Intelligent Systems (airis4D
2026-09-05 02:39:21,385 - INFO - Extracted date: \today
2026-09-05 02:39:21,420 - INFO - Using old format parser (title/content)
2026-09-05 02:39:27,117 - INFO - Loading file: /home/nsp/Documents/airis4D/Talks/MTC2026_Sept3/Talk_converted.txt
2026-09-05 02:39:27,151 - INFO - Extracted title: AI as your Research Partner in the LAB
2026-09-05 02:39:27,151 - INFO - Extracted subtitle: Subtitle
2026-09-05 02:39:27,151 - INFO - Extracted author: Ninan Sajeeth Philip
2026-09-05 02:39:27,152 - INFO - Extracted institution: Artificial Intelligence Research and Intelligent Systems (airis4D
2026-09-05 02:39:27,152 - INFO - Extracted date: \today
2026-09-05 02:39:27,169 - INFO - Using old format parser (title/content)
2026-09-05 02:39:31,833 - INFO - Saved slide 1: title='Title Page', media='None', media_masked=False, content_lines=3, notes_lines=1
2026-09-05 02:39:31,888 - INFO - Saved slide 1: title='Title Page', media='None', media_masked=False, content_lines=3, notes_lines=1
2026-09-05 02:39:33,203 - INFO - Saved slide 1: title='Title Page', media='None', media_masked=False, content_lines=3, notes_lines=1
2026-09-05 02:40:16,122 - INFO - Saved slide 1: title='Title Page', media='None', media_masked=False, content_lines=3, notes_lines=1
2026-09-05 02:40:16,155 - INFO - Saved slide 1: title='Title Page', media='None', media_masked=False, content_lines=3, notes_lines=1
2026-09-05 02:40:17,904 - INFO - Saved slide 1: title='Title Page', media='None', media_masked=False, content_lines=3, notes_lines=1
2026-09-05 02:40:59,686 - INFO - Saved slide 1: title='Title Page', media='None', media_masked=False, content_lines=3, notes_lines=1
2026-09-05 02:40:59,714 - INFO - Saved slide 1: title='Title Page', media='None', media_masked=False, content_lines=3, notes_lines=1
2026-09-05 02:41:00,963 - INFO - Saved slide 1: title='Title Page', media='None', media_masked=False, content_lines=3, notes_lines=1
2026-09-05 02:41:52,957 - INFO - Saved slide 1: title='Title Page', media='None', media_masked=False, content_lines=3, notes_lines=1
2026-09-05 02:41:52,988 - INFO - Saved slide 1: title='Title Page', media='None', media_masked=False, content_lines=3, notes_lines=1
2026-09-05 02:41:54,197 - INFO - Saved slide 1: title='Title Page', media='None', media_masked=False, content_lines=3, notes_lines=1
2026-09-05 02:47:06,316 - INFO - Loading file: /home/nsp/Documents/airis4D/Talks/MTC2026_Sept3/Talk_converted.txt
2026-09-05 02:47:08,047 - INFO - Extracted title: AI as your Research Partner in the LAB
2026-09-05 02:47:08,048 - INFO - Extracted subtitle: Subtitle
2026-09-05 02:47:08,048 - INFO - Extracted author: Ninan Sajeeth Philip
2026-09-05 02:47:08,048 - INFO - Extracted institution: Artificial Intelligence Research and Intelligent Systems (airis4D
2026-09-05 02:47:08,049 - INFO - Extracted date: \today
2026-09-05 02:47:08,089 - INFO - Using old format parser (title/content)
2026-09-05 02:51:52,866 - INFO - Loading file: /home/nsp/Documents/airis4D/Talks/MTC2026_Sept3/Talk_converted.txt
2026-09-05 02:51:54,998 - INFO - Extracted title: AI as your Research Partner in the LAB
2026-09-05 02:51:54,998 - INFO - Extracted subtitle: 
2026-09-05 02:51:54,998 - INFO - Extracted author: Ninan Sajeeth Philip
2026-09-05 02:51:54,998 - INFO - Extracted institution: Artificial Intelligence Research and Intelligent Systems (airis4D
2026-09-05 02:51:54,999 - INFO - Extracted date: \today
2026-09-05 02:51:55,033 - INFO - Using new format parser (direct frames)
2026-09-05 02:52:01,342 - INFO - Loading file: /home/nsp/Documents/airis4D/Talks/MTC2026_Sept3/Talk_converted.txt
2026-09-05 02:52:01,372 - INFO - Extracted title: AI as your Research Partner in the LAB
2026-09-05 02:52:01,373 - INFO - Extracted subtitle: 
2026-09-05 02:52:01,373 - INFO - Extracted author: Ninan Sajeeth Philip
2026-09-05 02:52:01,373 - INFO - Extracted institution: Artificial Intelligence Research and Intelligent Systems (airis4D
2026-09-05 02:52:01,373 - INFO - Extracted date: \today
2026-09-05 02:52:01,391 - INFO - Using old format parser (title/content)
2026-09-05 02:52:03,976 - INFO - Saved slide 1: title='Title Page', media='None', media_masked=False, content_lines=3, notes_lines=1
2026-09-05 02:52:04,042 - INFO - Saved slide 1: title='Title Page', media='None', media_masked=False, content_lines=3, notes_lines=1
2026-09-05 02:52:05,569 - INFO - Saved slide 1: title='Title Page', media='None', media_masked=False, content_lines=3, notes_lines=1
2026-09-05 02:53:16,043 - INFO - Saved slide 1: title='Title Page', media='None', media_masked=False, content_lines=3, notes_lines=1
2026-09-05 02:53:16,066 - INFO - Saved slide 1: title='Title Page', media='None', media_masked=False, content_lines=3, notes_lines=1
2026-09-05 02:53:17,373 - INFO - Saved slide 1: title='Title Page', media='None', media_masked=False, content_lines=3, notes_lines=1
